// Jest Snapshot v1, https://goo.gl/fbAQLP

exports[`MembershipMetrics should render 1`] = `
<div>
  <div
    class="membership-metrics-root"
  >
    <div
      class="card card-root"
    >
      <div
        class="card-section d-flex flex-column justify-content-between my-3 px-3 type-trend-root w-100"
      >
        <div
          class="d-flex align-items-center justify-content-between"
        >
          <div
            class="d-flex align-items-center"
          >
            <div
              class="card-title"
            >
              Average Segment Membership Duration
            </div>
            <button
              class="btn btn-monospaced btn-unstyled btn-xs"
              type="button"
            >
              <svg
                class="lexicon-icon lexicon-icon-question-circle-full"
                role="presentation"
              >
                <use
                  href="#question-circle-full"
                />
              </svg>
            </button>
          </div>
          <span
            class="text-secondary text-uppercase font-weight-semibold"
          >
            Last 30 days
          </span>
        </div>
        <h2
          class="text-secondary my-3"
        >
          17 days
        </h2>
        <div
          class="d-flex flex-row"
        >
          <span
            class="mr-1 text-3 text-secondary"
          >
            <span
              style="color: rgb(40, 125, 60);"
            >
              +
            </span>
            <span
              class="mr-1"
              style="color: rgb(40, 125, 60);"
            >
              1 day
            </span>
             vs. last 
            30
             days
          </span>
          <span
            class="text-3"
          />
        </div>
      </div>
    </div>
    <div
      class="card card-root d-flex flex-row justify-content-between"
    >
      <div
        class="card-section d-flex flex-column justify-content-between my-3 px-3 type-trend-root w-100"
      >
        <div
          class="d-flex align-items-center justify-content-between"
        >
          <div
            class="d-flex align-items-center"
          >
            <div
              class="card-title"
            >
              Total Members
            </div>
            <button
              class="btn btn-monospaced btn-unstyled btn-xs"
              type="button"
            >
              <svg
                class="lexicon-icon lexicon-icon-question-circle-full"
                role="presentation"
              >
                <use
                  href="#question-circle-full"
                />
              </svg>
            </button>
          </div>
          <span
            class="text-secondary text-uppercase font-weight-semibold"
          >
            Last 30 days
          </span>
        </div>
        <h2
          class="text-secondary my-3"
        >
          34 members
        </h2>
        <div
          class="d-flex flex-row"
        >
          <span
            class="mr-1 text-secondary"
          >
            <span>
              34% of all individuals
            </span>
          </span>
          <span
            class="mx-3 text-secondary"
          >
            |
          </span>
          <span
            class="text-3"
          >
            <span
              class="text-secondary"
            >
              <span
                class="mr-1"
                style="color: rgb(174, 176, 187);"
              >
                0%
              </span>
               vs. last 
              30
               days
            </span>
          </span>
        </div>
      </div>
      <div
        class="card-section d-flex flex-column justify-content-between my-3 px-3 type-trend-root w-100"
      >
        <div
          class="d-flex align-items-center justify-content-between"
        >
          <div
            class="d-flex align-items-center"
          >
            <div
              class="card-title"
            >
              Entry Rate
            </div>
            <button
              class="btn btn-monospaced btn-unstyled btn-xs"
              type="button"
            >
              <svg
                class="lexicon-icon lexicon-icon-question-circle-full"
                role="presentation"
              >
                <use
                  href="#question-circle-full"
                />
              </svg>
            </button>
          </div>
          <span
            class="text-secondary text-uppercase font-weight-semibold"
          >
            Last 24 hours
          </span>
        </div>
        <h2
          class="text-secondary my-3"
        >
          121 members
        </h2>
        <div
          class="d-flex flex-row"
        >
          <span
            class="mr-1 text-secondary"
          >
            <span>
              121% of all members
            </span>
          </span>
          <span
            class="mx-3 text-secondary"
          >
            |
          </span>
          <span
            class="text-3"
          >
            <span
              class="ml-1"
              style="color: rgb(218, 20, 20);"
            >
              <svg
                class="lexicon-icon lexicon-icon-caret-bottom-l"
                role="presentation"
              >
                <use
                  href="#caret-bottom-l"
                />
              </svg>
            </span>
            <span
              class="text-secondary"
            >
              <span
                class="mr-1"
                style="color: rgb(218, 20, 20);"
              >
                -70%
              </span>
               vs. last 
              30
              -day avg.
            </span>
          </span>
        </div>
      </div>
      <div
        class="card-section d-flex flex-column justify-content-between my-3 px-3 type-trend-root w-100"
      >
        <div
          class="d-flex align-items-center justify-content-between"
        >
          <div
            class="d-flex align-items-center"
          >
            <div
              class="card-title"
            >
              Exit Rate
            </div>
            <button
              class="btn btn-monospaced btn-unstyled btn-xs"
              type="button"
            >
              <svg
                class="lexicon-icon lexicon-icon-question-circle-full"
                role="presentation"
              >
                <use
                  href="#question-circle-full"
                />
              </svg>
            </button>
          </div>
          <span
            class="text-secondary text-uppercase font-weight-semibold"
          >
            Last 24 hours
          </span>
        </div>
        <h2
          class="text-secondary my-3"
        >
          10 members
        </h2>
        <div
          class="d-flex flex-row"
        >
          <span
            class="mr-1 text-secondary"
          >
            <span>
              10% of all members
            </span>
          </span>
          <span
            class="mx-3 text-secondary"
          >
            |
          </span>
          <span
            class="text-3"
          >
            <span
              class="text-secondary"
            >
              <span
                class="mr-1"
                style="color: rgb(174, 176, 187);"
              >
                0%
              </span>
               vs. last 
              30
              -day avg.
            </span>
          </span>
        </div>
      </div>
    </div>
  </div>
</div>
`;
