// Jest Snapshot v1, https://goo.gl/fbAQLP

exports[`BackButton should render 1`] = `
<div>
  <div
    class="back-button-root"
  >
    <a
      class="button-root btn btn-outline-secondary btn-outline-borderless"
      href="/foo.url"
    >
      <svg
        class="lexicon-icon lexicon-icon-angle-left icon-root icon-size-sm inline-item inline-item-before"
        role="presentation"
      >
        <use
          xlink:href="#angle-left"
        />
      </svg>
      foo label
    </a>
  </div>
</div>
`;
