// Jest Snapshot v1, https://goo.gl/fbAQLP

exports[`PagePathCard should render 1`] = `
<div>
  <div
    class="card card-root"
    style="min-height: 600px;"
  >
    <div
      class="card-header"
    >
      <h5
        class="card-title"
      >
        Path Analysis
      </h5>
    </div>
    <div>
      <div
        class="card-body d-flex align-items-center justify-content-center"
      >
        <div
          class="recharts-wrapper"
          role="region"
          style="position: relative; cursor: default; width: 1200px; height: 600px;"
        >
          <svg
            class="recharts-surface"
            height="600"
            viewBox="0 0 1200 600"
            width="1200"
          >
            <title />
            <desc />
            <g
              class="recharts-layer recharts-sankey-links"
            >
              <g
                class="recharts-layer"
              >
                <g
                  class="recharts-layer"
                  opacity="0.2"
                >
                  <path
                    d="
				 M120,88.2051282051282
				 C243,88.2051282051282
				   407,240.8446790526212
				   530,240.8446790526212
				 L530,212.63955084749296
				 C407,212.63955084749296
				   243,60
				   120,60
				 Z
			   "
                    fill="#4B9BFF"
                    stroke-width="0"
                  />
                </g>
              </g>
              <g
                class="recharts-layer"
              >
                <g
                  class="recharts-layer"
                  opacity="0.2"
                >
                  <path
                    d="
				 M120,196.41025641025644
				 C243,196.41025641025644
				   407,269.04980725774936
				   530,269.04980725774936
				 L530,240.84467905262116
				 C407,240.84467905262116
				   243,168.2051282051282
				   120,168.2051282051282
				 Z
			   "
                    fill="#FFB46E"
                    stroke-width="0"
                  />
                </g>
              </g>
              <g
                class="recharts-layer"
              >
                <g
                  class="recharts-layer"
                  opacity="0.2"
                >
                  <path
                    d="
				 M120,298.97435897435895
				 C243,298.97435897435895
				   407,291.6139098218519
				   530,291.6139098218519
				 L530,269.04980725774936
				 C407,269.04980725774936
				   243,276.4102564102564
				   120,276.4102564102564
				 Z
			   "
                    fill="#FF5F5F"
                    stroke-width="0"
                  />
                </g>
              </g>
              <g
                class="recharts-layer"
              >
                <g
                  class="recharts-layer"
                  opacity="0.2"
                >
                  <path
                    d="
				 M120,393.0769230769231
				 C243,393.0769230769231
				   407,305.716473924416
				   530,305.716473924416
				 L530,291.6139098218519
				 C407,291.6139098218519
				   243,378.974358974359
				   120,378.974358974359
				 Z
			   "
                    fill="#B077FF"
                    stroke-width="0"
                  />
                </g>
              </g>
              <g
                class="recharts-layer"
              >
                <g
                  class="recharts-layer"
                  opacity="0.2"
                >
                  <path
                    d="
				 M120,487.1794871794872
				 C243,487.1794871794872
				   407,319.81903802698014
				   530,319.81903802698014
				 L530,305.71647392441605
				 C407,305.71647392441605
				   243,473.0769230769231
				   120,473.0769230769231
				 Z
			   "
                    fill="#FF73C3"
                    stroke-width="0"
                  />
                </g>
              </g>
              <g
                class="recharts-layer"
              >
                <g
                  class="recharts-layer"
                  opacity="0.2"
                >
                  <path
                    d="
				 M120,570.0000000000001
				 C243,570.0000000000001
				   407,322.63955084749296
				   530,322.63955084749296
				 L530,319.81903802698014
				 C407,319.81903802698014
				   243,567.1794871794872
				   120,567.1794871794872
				 Z
			   "
                    fill="#A7A9BC"
                    stroke-width="0"
                  />
                </g>
              </g>
              <g
                class="recharts-layer"
              >
                <g
                  class="recharts-layer"
                  opacity="0.2"
                >
                  <path
                    d="
				 M650,240.8446790526212
				 C773,240.8446790526212
				   937,183.7179487179487
				   1060,183.7179487179487
				 L1060,155.51282051282047
				 C937,155.51282051282047
				   773,212.63955084749296
				   650,212.63955084749296
				 Z
			   "
                    fill="#9CE269"
                    stroke-width="0"
                  />
                </g>
              </g>
              <g
                class="recharts-layer"
              >
                <g
                  class="recharts-layer"
                  opacity="0.2"
                >
                  <path
                    d="
				 M650,269.04980725774936
				 C773,269.04980725774936
				   937,291.9230769230769
				   1060,291.9230769230769
				 L1060,263.71794871794873
				 C937,263.71794871794873
				   773,240.84467905262116
				   650,240.84467905262116
				 Z
			   "
                    fill="#5FC8FF"
                    stroke-width="0"
                  />
                </g>
              </g>
              <g
                class="recharts-layer"
              >
                <g
                  class="recharts-layer"
                  opacity="0.2"
                >
                  <path
                    d="
				 M650,283.15237136031345
				 C773,283.15237136031345
				   937,386.02564102564105
				   1060,386.02564102564105
				 L1060,371.92307692307696
				 C937,371.92307692307696
				   773,269.04980725774936
				   650,269.04980725774936
				 Z
			   "
                    stroke-width="0"
                  />
                </g>
              </g>
              <g
                class="recharts-layer"
              >
                <g
                  class="recharts-layer"
                  opacity="0.2"
                >
                  <path
                    d="
				 M650,284.5626277705699
				 C773,284.5626277705699
				   937,467.4358974358975
				   1060,467.4358974358975
				 L1060,466.02564102564105
				 C937,466.02564102564105
				   773,283.15237136031345
				   650,283.15237136031345
				 Z
			   "
                    fill="#A7A9BC"
                    stroke-width="0"
                  />
                </g>
              </g>
              <g
                class="recharts-layer"
              >
                <g
                  class="recharts-layer"
                  opacity="0.2"
                >
                  <path
                    d="
				 M650,307.1267303346724
				 C773,307.1267303346724
				   937,570
				   1060,570
				 L1060,547.4358974358975
				 C937,547.4358974358975
				   773,284.56262777056986
				   650,284.56262777056986
				 Z
			   "
                    fill="#A7A9BC"
                    stroke-width="0"
                  />
                </g>
              </g>
            </g>
            <g
              class="recharts-layer recharts-sankey-nodes"
            >
              <g
                class="recharts-layer"
              >
                <g
                  class="recharts-layer"
                >
                  <path
                    class="recharts-rectangle"
                    d="M 530,212.63955084749296 h 120 v 110.00000000000001 h -120 Z"
                    fill="#50D2A0"
                    fill-opacity="1"
                    height="110.00000000000001"
                    radius="0"
                    width="120"
                    x="530"
                    y="212.63955084749296"
                  />
                  <text
                    text-anchor="middle"
                    x="590"
                    y="272.63955084749296"
                  >
                    39K
                  </text>
                  <a
                    data-tooltip-align="right"
                    href="/workspace/4567/123/sites/pages/overview/https%253A%252F%252Fwww.liferay.com/Liferay%20Home%20Page?rangeKey=30"
                    target="_blank"
                    title="Go to dashboard page"
                  >
                    <text
                      font-size="16"
                      font-weight="600"
                      text-anchor="start"
                      x="530"
                      y="180.63955084749296"
                    >
                      Liferay Home Pa...
                    </text>
                  </a>
                  <svg
                    class="lexicon-icon lexicon-icon-shortcut icon-root text-secondary"
                    height="16"
                    role="presentation"
                    width="16"
                    x="530"
                    y="190.63955084749296"
                  >
                    <use
                      href="#shortcut"
                    />
                  </svg>
                  <a
                    data-tooltip-align="right"
                    href="https://www.liferay.com"
                    target="_blank"
                    title="Visit https://www.liferay.com"
                  >
                    <text
                      fill="#6B6C7E"
                      font-size="12"
                      font-weight="400"
                      text-anchor="start"
                      x="550"
                      y="202.63955084749296"
                    >
                      https://www.liferay.com
                    </text>
                  </a>
                </g>
              </g>
              <g
                class="recharts-layer"
              >
                <g
                  class="recharts-layer"
                >
                  <path
                    class="recharts-rectangle"
                    d="M0,65A 5,5,0,0,1,5,60L 120,60L 120,88.2051282051282L 5,88.2051282051282A 5,5,0,0,1,
        0,83.2051282051282Z"
                    fill="#4B9BFF"
                    fill-opacity="1"
                    height="28.205128205128208"
                    radius="5,0,0,5"
                    width="120"
                    x="0"
                    y="60"
                  />
                  <text
                    text-anchor="middle"
                    x="60"
                    y="79.1025641025641"
                  >
                    10K
                  </text>
                  <text
                    font-size="16"
                    font-weight="600"
                    text-anchor="start"
                    x="0"
                    y="44"
                  >
                    Google
                  </text>
                  <svg
                    class="lexicon-icon lexicon-icon-shortcut icon-root text-secondary"
                    height="16"
                    role="presentation"
                    width="16"
                    x="0"
                    y="38"
                  >
                    <use
                      href="#shortcut"
                    />
                  </svg>
                  <a
                    data-tooltip-align="right"
                    href="https://www.google.com"
                    target="_blank"
                    title=""
                  >
                    <text
                      fill="#6B6C7E"
                      font-size="12"
                      font-weight="400"
                      text-anchor="start"
                      x="20"
                      y="50"
                    >
                      https://www.google.com
                    </text>
                  </a>
                </g>
              </g>
              <g
                class="recharts-layer"
              >
                <g
                  class="recharts-layer"
                >
                  <path
                    class="recharts-rectangle"
                    d="M0,173.2051282051282A 5,5,0,0,1,5,168.2051282051282L 120,168.2051282051282L 120,196.4102564102564L 5,196.4102564102564A 5,5,0,0,1,
        0,191.4102564102564Z"
                    fill="#FFB46E"
                    fill-opacity="1"
                    height="28.205128205128208"
                    radius="5,0,0,5"
                    width="120"
                    x="0"
                    y="168.2051282051282"
                  />
                  <text
                    text-anchor="middle"
                    x="60"
                    y="187.30769230769232"
                  >
                    10K
                  </text>
                  <text
                    font-size="16"
                    font-weight="600"
                    text-anchor="start"
                    x="0"
                    y="152.2051282051282"
                  >
                    Facebook
                  </text>
                  <svg
                    class="lexicon-icon lexicon-icon-shortcut icon-root text-secondary"
                    height="16"
                    role="presentation"
                    width="16"
                    x="0"
                    y="146.2051282051282"
                  >
                    <use
                      href="#shortcut"
                    />
                  </svg>
                  <a
                    data-tooltip-align="right"
                    href="https://www.facebook.com"
                    target="_blank"
                    title=""
                  >
                    <text
                      fill="#6B6C7E"
                      font-size="12"
                      font-weight="400"
                      text-anchor="start"
                      x="20"
                      y="158.2051282051282"
                    >
                      https://www.facebook.com
                    </text>
                  </a>
                </g>
              </g>
              <g
                class="recharts-layer"
              >
                <g
                  class="recharts-layer"
                >
                  <path
                    class="recharts-rectangle"
                    d="M0,281.4102564102564A 5,5,0,0,1,5,276.4102564102564L 120,276.4102564102564L 120,298.97435897435895L 5,298.97435897435895A 5,5,0,0,1,
        0,293.97435897435895Z"
                    fill="#FF5F5F"
                    fill-opacity="1"
                    height="22.564102564102566"
                    radius="5,0,0,5"
                    width="120"
                    x="0"
                    y="276.4102564102564"
                  />
                  <text
                    text-anchor="middle"
                    x="60"
                    y="292.6923076923077"
                  >
                    8K
                  </text>
                  <text
                    font-size="16"
                    font-weight="600"
                    text-anchor="start"
                    x="0"
                    y="260.4102564102564"
                  >
                    Instagram
                  </text>
                  <svg
                    class="lexicon-icon lexicon-icon-shortcut icon-root text-secondary"
                    height="16"
                    role="presentation"
                    width="16"
                    x="0"
                    y="254.4102564102564"
                  >
                    <use
                      href="#shortcut"
                    />
                  </svg>
                  <a
                    data-tooltip-align="right"
                    href="https://www.instagram.com"
                    target="_blank"
                    title=""
                  >
                    <text
                      fill="#6B6C7E"
                      font-size="12"
                      font-weight="400"
                      text-anchor="start"
                      x="20"
                      y="266.4102564102564"
                    >
                      https://www.instagram.com
                    </text>
                  </a>
                </g>
              </g>
              <g
                class="recharts-layer"
              >
                <g
                  class="recharts-layer"
                >
                  <path
                    class="recharts-rectangle"
                    d="M0,383.974358974359A 5,5,0,0,1,5,378.974358974359L 120,378.974358974359L 120,393.0769230769231L 5,393.0769230769231A 5,5,0,0,1,
        0,388.0769230769231Z"
                    fill="#B077FF"
                    fill-opacity="1"
                    height="14.102564102564104"
                    radius="5,0,0,5"
                    width="120"
                    x="0"
                    y="378.974358974359"
                  />
                  <text
                    text-anchor="middle"
                    x="60"
                    y="391.02564102564105"
                  >
                    5K
                  </text>
                  <a
                    data-tooltip-align="right"
                    href="/workspace/4567/123/sites/pages/overview/https%253A%252F%252Fwww.site4.com/Site%204?rangeKey=30"
                    target="_blank"
                    title="Go to dashboard page"
                  >
                    <text
                      font-size="16"
                      font-weight="600"
                      text-anchor="start"
                      x="0"
                      y="346.974358974359"
                    >
                      Site 4
                    </text>
                  </a>
                  <svg
                    class="lexicon-icon lexicon-icon-shortcut icon-root text-secondary"
                    height="16"
                    role="presentation"
                    width="16"
                    x="0"
                    y="356.974358974359"
                  >
                    <use
                      href="#shortcut"
                    />
                  </svg>
                  <a
                    data-tooltip-align="right"
                    href="https://www.site4.com"
                    target="_blank"
                    title="Visit https://www.site4.com"
                  >
                    <text
                      fill="#6B6C7E"
                      font-size="12"
                      font-weight="400"
                      text-anchor="start"
                      x="20"
                      y="368.974358974359"
                    >
                      https://www.site4.com
                    </text>
                  </a>
                </g>
              </g>
              <g
                class="recharts-layer"
              >
                <g
                  class="recharts-layer"
                >
                  <path
                    class="recharts-rectangle"
                    d="M0,478.0769230769231A 5,5,0,0,1,5,473.0769230769231L 120,473.0769230769231L 120,487.1794871794872L 5,487.1794871794872A 5,5,0,0,1,
        0,482.1794871794872Z"
                    fill="#FF73C3"
                    fill-opacity="1"
                    height="14.102564102564104"
                    radius="5,0,0,5"
                    width="120"
                    x="0"
                    y="473.0769230769231"
                  />
                  <text
                    text-anchor="middle"
                    x="60"
                    y="485.12820512820514"
                  >
                    5K
                  </text>
                  <text
                    font-size="16"
                    font-weight="600"
                    text-anchor="start"
                    x="0"
                    y="457.0769230769231"
                  >
                    Direct Traffic
                  </text>
                </g>
              </g>
              <g
                class="recharts-layer"
              >
                <g
                  class="recharts-layer"
                >
                  <path
                    class="recharts-rectangle"
                    d="M0,568.5897435897436A 1.4102564102564104,1.4102564102564104,0,0,1,1.4102564102564104,567.1794871794872L 120,567.1794871794872L 120,570L 1.4102564102564104,570A 1.4102564102564104,1.4102564102564104,0,0,1,
        0,568.5897435897435Z"
                    fill="#A7A9BC"
                    fill-opacity="1"
                    height="2.8205128205128207"
                    radius="5,0,0,5"
                    width="120"
                    x="0"
                    y="567.1794871794872"
                  />
                  <text
                    text-anchor="middle"
                    x="60"
                    y="573.5897435897436"
                  >
                    1K
                  </text>
                  <text
                    font-size="16"
                    font-weight="600"
                    text-anchor="start"
                    x="0"
                    y="551.1794871794872"
                  >
                    Other Referrals
                  </text>
                </g>
              </g>
              <g
                class="recharts-layer"
              >
                <g
                  class="recharts-layer"
                >
                  <path
                    class="recharts-rectangle"
                    d="M1060,155.5128205128205L 1175,155.5128205128205A 5,5,0,0,1,
        1180,160.5128205128205L 1180,178.7179487179487A 5,5,0,0,1,
        1175,183.7179487179487L 1060,183.7179487179487Z"
                    fill="#9CE269"
                    fill-opacity="1"
                    height="28.205128205128208"
                    radius="0,5,5,0"
                    width="120"
                    x="1060"
                    y="155.5128205128205"
                  />
                  <text
                    text-anchor="middle"
                    x="1120"
                    y="174.6153846153846"
                  >
                    10K
                  </text>
                  <a
                    data-tooltip-align="right"
                    href="/workspace/4567/123/sites/pages/overview/https%253A%252F%252Fwww.site1.com/Site%201?rangeKey=30"
                    target="_blank"
                    title="Go to dashboard page"
                  >
                    <text
                      font-size="16"
                      font-weight="600"
                      text-anchor="start"
                      x="1060"
                      y="123.5128205128205"
                    >
                      Site 1
                    </text>
                  </a>
                  <svg
                    class="lexicon-icon lexicon-icon-shortcut icon-root text-secondary"
                    height="16"
                    role="presentation"
                    width="16"
                    x="1060"
                    y="133.5128205128205"
                  >
                    <use
                      href="#shortcut"
                    />
                  </svg>
                  <a
                    data-tooltip-align="right"
                    href="https://www.site1.com"
                    target="_blank"
                    title="Visit https://www.site1.com"
                  >
                    <text
                      fill="#6B6C7E"
                      font-size="12"
                      font-weight="400"
                      text-anchor="start"
                      x="1080"
                      y="145.5128205128205"
                    >
                      https://www.site1.com
                    </text>
                  </a>
                </g>
              </g>
              <g
                class="recharts-layer"
              >
                <g
                  class="recharts-layer"
                >
                  <path
                    class="recharts-rectangle"
                    d="M1060,263.71794871794873L 1175,263.71794871794873A 5,5,0,0,1,
        1180,268.71794871794873L 1180,286.92307692307696A 5,5,0,0,1,
        1175,291.92307692307696L 1060,291.92307692307696Z"
                    fill="#5FC8FF"
                    fill-opacity="1"
                    height="28.205128205128208"
                    radius="0,5,5,0"
                    width="120"
                    x="1060"
                    y="263.71794871794873"
                  />
                  <text
                    text-anchor="middle"
                    x="1120"
                    y="282.8205128205128"
                  >
                    10K
                  </text>
                  <a
                    data-tooltip-align="right"
                    href="/workspace/4567/123/sites/pages/overview/https%253A%252F%252Fwww.site2.com/Site%202?rangeKey=30"
                    target="_blank"
                    title="Go to dashboard page"
                  >
                    <text
                      font-size="16"
                      font-weight="600"
                      text-anchor="start"
                      x="1060"
                      y="231.71794871794873"
                    >
                      Site 2
                    </text>
                  </a>
                  <svg
                    class="lexicon-icon lexicon-icon-shortcut icon-root text-secondary"
                    height="16"
                    role="presentation"
                    width="16"
                    x="1060"
                    y="241.71794871794873"
                  >
                    <use
                      href="#shortcut"
                    />
                  </svg>
                  <a
                    data-tooltip-align="right"
                    href="https://www.site2.com"
                    target="_blank"
                    title="Visit https://www.site2.com"
                  >
                    <text
                      fill="#6B6C7E"
                      font-size="12"
                      font-weight="400"
                      text-anchor="start"
                      x="1080"
                      y="253.71794871794873"
                    >
                      https://www.site2.com
                    </text>
                  </a>
                </g>
              </g>
              <g
                class="recharts-layer"
              >
                <g
                  class="recharts-layer"
                >
                  <path
                    class="recharts-rectangle"
                    d="M1060,371.92307692307696L 1175,371.92307692307696A 5,5,0,0,1,
        1180,376.92307692307696L 1180,381.02564102564105A 5,5,0,0,1,
        1175,386.02564102564105L 1060,386.02564102564105Z"
                    fill-opacity="1"
                    height="14.102564102564104"
                    radius="0,5,5,0"
                    width="120"
                    x="1060"
                    y="371.92307692307696"
                  />
                  <text
                    text-anchor="middle"
                    x="1120"
                    y="383.974358974359"
                  >
                    5K
                  </text>
                  <a
                    data-tooltip-align="right"
                    href="/workspace/4567/123/sites/pages/overview/https%253A%252F%252Fwww.site3.com/Site%203?rangeKey=30"
                    target="_blank"
                    title="Go to dashboard page"
                  >
                    <text
                      font-size="16"
                      font-weight="600"
                      text-anchor="start"
                      x="1060"
                      y="339.92307692307696"
                    >
                      Site 3
                    </text>
                  </a>
                  <svg
                    class="lexicon-icon lexicon-icon-shortcut icon-root text-secondary"
                    height="16"
                    role="presentation"
                    width="16"
                    x="1060"
                    y="349.92307692307696"
                  >
                    <use
                      href="#shortcut"
                    />
                  </svg>
                  <a
                    data-tooltip-align="right"
                    href="https://www.site3.com"
                    target="_blank"
                    title="Visit https://www.site3.com"
                  >
                    <text
                      fill="#6B6C7E"
                      font-size="12"
                      font-weight="400"
                      text-anchor="start"
                      x="1080"
                      y="361.92307692307696"
                    >
                      https://www.site3.com
                    </text>
                  </a>
                </g>
              </g>
              <g
                class="recharts-layer"
              >
                <g
                  class="recharts-layer"
                >
                  <path
                    class="recharts-rectangle"
                    d="M1060,466.02564102564105L 1179.2948717948718,466.02564102564105A 0.7051282051282052,0.7051282051282052,0,0,1,
        1180,466.7307692307693L 1180,466.7307692307692A 0.7051282051282052,0.7051282051282052,0,0,1,
        1179.2948717948718,467.43589743589746L 1060,467.43589743589746Z"
                    fill="#A7A9BC"
                    fill-opacity="1"
                    height="1.4102564102564104"
                    radius="0,5,5,0"
                    width="120"
                    x="1060"
                    y="466.02564102564105"
                  />
                  <text
                    text-anchor="middle"
                    x="1120"
                    y="471.7307692307693"
                  >
                    500
                  </text>
                  <text
                    font-size="16"
                    font-weight="600"
                    text-anchor="start"
                    x="1060"
                    y="450.02564102564105"
                  >
                    Other Pages
                  </text>
                </g>
              </g>
              <g
                class="recharts-layer"
              >
                <g
                  class="recharts-layer"
                >
                  <path
                    class="recharts-rectangle"
                    d="M1060,547.4358974358975L 1175,547.4358974358975A 5,5,0,0,1,
        1180,552.4358974358975L 1180,565A 5,5,0,0,1,
        1175,570L 1060,570Z"
                    fill="#A7A9BC"
                    fill-opacity="1"
                    height="22.564102564102566"
                    radius="0,5,5,0"
                    width="120"
                    x="1060"
                    y="547.4358974358975"
                  />
                  <text
                    text-anchor="middle"
                    x="1120"
                    y="563.7179487179487"
                  >
                    8K
                  </text>
                  <text
                    font-size="16"
                    font-weight="600"
                    text-anchor="start"
                    x="1060"
                    y="531.4358974358975"
                  >
                    Drop Offs
                  </text>
                </g>
              </g>
            </g>
          </svg>
          <div
            class="recharts-tooltip-wrapper"
            role="dialog"
            style="transform: translate(undefinedpx, undefinedpx); pointer-events: none; visibility: hidden; position: absolute; top: 0px; left: 0px;"
            tabindex="-1"
          />
        </div>
      </div>
    </div>
  </div>
</div>
`;
